Re-optimizing dependencies because lockfile has changed

  [32m[1mVITE[22m v5.4.21[39m  [2mready in [0m[1m1469[22m[2m[0m ms[22m

  [32m➜[39m  [1mLocal[22m:   [36mhttp://localhost:[1m5173[22m/[39m
[2m  [32m➜[39m  [1mNetwork[22m[2m: use [22m[1m--host[22m[2m to expose[22m
[2m10:35:00[22m [36m[1m[vite][22m[39m [32mhmr update [39m[2m/@fs/E:/Moyan/moyan/moyan-mfw-workspace/workspace04/moyan-mfw/packages/extensions/extension-ledger/src/frontend/src/views/ledger/TransferTab.vue[22m
[2m10:44:04[22m [36m[1m[vite][22m[39m changed tsconfig file detected: E:\Moyan\moyan\moyan-mfw-workspace\workspace04\moyan-mfw\packages\extensions\extension-ledger\src\frontend\tsconfig.json - Clearing cache and forcing full-reload to ensure TypeScript is compiled with updated config values.
[2m10:44:22[22m [36m[1m[vite][22m[39m [32mhmr update [39m[2m/@fs/E:/Moyan/moyan/moyan-mfw-workspace/workspace04/moyan-mfw/packages/extensions/extension-ledger/src/frontend/src/views/ledger/TransferTab.vue[22m
[2m10:44:39[22m [36m[1m[vite][22m[39m [32mhmr update [39m[2m/@fs/E:/Moyan/moyan/moyan-mfw-workspace/workspace04/moyan-mfw/packages/extensions/extension-ledger/src/frontend/src/views/ledger/TransferTab.vue[22m
[2m10:44:48[22m [36m[1m[vite][22m[39m [32mhmr update [39m[2m/@fs/E:/Moyan/moyan/moyan-mfw-workspace/workspace04/moyan-mfw/packages/extensions/extension-ledger/src/frontend/src/views/ledger/EntryTab.vue[22m
[2m10:44:56[22m [36m[1m[vite][22m[39m [32mhmr update [39m[2m/@fs/E:/Moyan/moyan/moyan-mfw-workspace/workspace04/moyan-mfw/packages/extensions/extension-ledger/src/frontend/src/views/ledger/EntryTab.vue[22m
[2m10:45:05[22m [36m[1m[vite][22m[39m [32mhmr update [39m[2m/@fs/E:/Moyan/moyan/moyan-mfw-workspace/workspace04/moyan-mfw/packages/extensions/extension-ledger/src/frontend/src/views/ledger/ReconcileTab.vue[22m
[2m10:45:12[22m [36m[1m[vite][22m[39m [32mhmr update [39m[2m/@fs/E:/Moyan/moyan/moyan-mfw-workspace/workspace04/moyan-mfw/packages/extensions/extension-ledger/src/frontend/src/views/ledger/ReconcileTab.vue[22m
[2m10:45:31[22m [36m[1m[vite][22m[39m [32mhmr update [39m[2m/@fs/E:/Moyan/moyan/moyan-mfw-workspace/workspace04/moyan-mfw/packages/extensions/extension-ledger/src/frontend/src/components/ledger-transfer-detail/Index.vue[22m
[2m10:45:58[22m [36m[1m[vite][22m[39m [32mhmr update [39m[2m/@fs/E:/Moyan/moyan/moyan-mfw-workspace/workspace04/moyan-mfw/packages/extensions/extension-ledger/src/frontend/src/components/ledger-transfer-detail/Index.vue[22m
[2m10:46:06[22m [36m[1m[vite][22m[39m [32mhmr update [39m[2m/@fs/E:/Moyan/moyan/moyan-mfw-workspace/workspace04/moyan-mfw/packages/extensions/extension-ledger/src/frontend/src/components/ledger-transfer-detail/Index.vue[22m
[2m10:46:22[22m [36m[1m[vite][22m[39m [32mhmr update [39m[2m/@fs/E:/Moyan/moyan/moyan-mfw-workspace/workspace04/moyan-mfw/packages/extensions/extension-ledger/src/frontend/src/components/ledger-transfer-detail/Index.vue?vue&type=style&index=0&scoped=d4774947&lang.css[22m
[2m10:46:39[22m [36m[1m[vite][22m[39m [32mpage reload [39m[2mE:/Moyan/moyan/moyan-mfw-workspace/workspace04/moyan-mfw/demo/shared/dist/esm/supplier.js[22m
[2m10:46:39[22m [36m[1m[vite][22m[39m [32mpage reload [39m[2mE:/Moyan/moyan/moyan-mfw-workspace/workspace04/moyan-mfw/demo/shared/dist/esm/permissions.js[22m
[2m10:46:39[22m [36m[1m[vite][22m[39m [32mpage reload [39m[2mE:/Moyan/moyan/moyan-mfw-workspace/workspace04/moyan-mfw/demo/shared/dist/esm/index.js[22m
[2m10:46:40[22m [36m[1m[vite][22m[39m [32mhmr update [39m[2m/@fs/E:/Moyan/moyan/moyan-mfw-workspace/workspace04/moyan-mfw/packages/extensions/extension-ledger/src/frontend/src/views/ledger/AccountTab.vue[22m
[2m10:46:49[22m [36m[1m[vite][22m[39m [32mhmr update [39m[2m/@fs/E:/Moyan/moyan/moyan-mfw-workspace/workspace04/moyan-mfw/packages/extensions/extension-ledger/src/frontend/src/views/ledger/AccountTab.vue[22m
[2m10:46:58[22m [36m[1m[vite][22m[39m [32mhmr update [39m[2m/@fs/E:/Moyan/moyan/moyan-mfw-workspace/workspace04/moyan-mfw/packages/extensions/extension-ledger/src/frontend/src/views/ledger/TransferTab.vue[22m
[2m10:47:07[22m [36m[1m[vite][22m[39m [32mhmr update [39m[2m/@fs/E:/Moyan/moyan/moyan-mfw-workspace/workspace04/moyan-mfw/packages/extensions/extension-ledger/src/frontend/src/views/ledger/EntryTab.vue[22m
[2m10:47:33[22m [36m[1m[vite][22m[39m [32mhmr update [39m[2m/@fs/E:/Moyan/moyan/moyan-mfw-workspace/workspace04/moyan-mfw/packages/extensions/extension-ledger/src/frontend/src/views/ledger/ReconcileTab.vue[22m
[2m10:47:43[22m [36m[1m[vite][22m[39m [32mhmr update [39m[2m/@fs/E:/Moyan/moyan/moyan-mfw-workspace/workspace04/moyan-mfw/packages/extensions/extension-ledger/src/frontend/src/views/ledger/TransferTab.vue[22m
[2m10:51:29[22m [36m[1m[vite][22m[39m [32mhmr update [39m[2m/@fs/E:/Moyan/moyan/moyan-mfw-workspace/workspace04/moyan-mfw/packages/extensions/extension-ledger/src/frontend/src/views/ledger/AccountTab.vue[22m
[2m10:51:54[22m [36m[1m[vite][22m[39m [32mhmr update [39m[2m/@fs/E:/Moyan/moyan/moyan-mfw-workspace/workspace04/moyan-mfw/packages/extensions/extension-ledger/src/frontend/src/views/ledger/AccountTab.vue[22m
[2m10:53:07[22m [36m[1m[vite][22m[39m [32mhmr update [39m[2m/@fs/E:/Moyan/moyan/moyan-mfw-workspace/workspace04/moyan-mfw/packages/extensions/extension-ledger/src/frontend/src/views/ledger/TransferTab.vue[22m
[2m10:53:57[22m [36m[1m[vite][22m[39m [32mhmr update [39m[2m/@fs/E:/Moyan/moyan/moyan-mfw-workspace/workspace04/moyan-mfw/packages/extensions/extension-ledger/src/frontend/src/views/ledger/TransferTab.vue[22m
[2m10:57:13[22m [36m[1m[vite][22m[39m [32mhmr update [39m[2m/@fs/E:/Moyan/moyan/moyan-mfw-workspace/workspace04/moyan-mfw/packages/extensions/extension-ledger/src/frontend/src/views/ledger/TransferTab.vue[22m
[2m10:57:37[22m [36m[1m[vite][22m[39m [32mhmr update [39m[2m/@fs/E:/Moyan/moyan/moyan-mfw-workspace/workspace04/moyan-mfw/packages/extensions/extension-ledger/src/frontend/src/views/ledger/AccountTab.vue[22m
[2m10:58:10[22m [36m[1m[vite][22m[39m [32mhmr update [39m[2m/@fs/E:/Moyan/moyan/moyan-mfw-workspace/workspace04/moyan-mfw/packages/extensions/extension-ledger/src/frontend/src/views/ledger/EntryTab.vue[22m
[2m10:59:51[22m [36m[1m[vite][22m[39m [32mhmr update [39m[2m/@fs/E:/Moyan/moyan/moyan-mfw-workspace/workspace04/moyan-mfw/packages/extensions/extension-ledger/src/frontend/src/views/ledger/AccountTab.vue[22m
[2m11:00:00[22m [36m[1m[vite][22m[39m [32mhmr update [39m[2m/@fs/E:/Moyan/moyan/moyan-mfw-workspace/workspace04/moyan-mfw/packages/extensions/extension-ledger/src/frontend/src/views/ledger/EntryTab.vue[22m
[2m11:00:15[22m [36m[1m[vite][22m[39m [32mhmr update [39m[2m/@fs/E:/Moyan/moyan/moyan-mfw-workspace/workspace04/moyan-mfw/packages/extensions/extension-ledger/src/frontend/src/views/ledger/TransferTab.vue[22m
[2m11:00:23[22m [36m[1m[vite][22m[39m [32mhmr update [39m[2m/@fs/E:/Moyan/moyan/moyan-mfw-workspace/workspace04/moyan-mfw/packages/extensions/extension-ledger/src/frontend/src/views/ledger/TransferTab.vue[22m
[2m11:00:40[22m [36m[1m[vite][22m[39m [32mhmr update [39m[2m/@fs/E:/Moyan/moyan/moyan-mfw-workspace/workspace04/moyan-mfw/packages/extensions/extension-ledger/src/frontend/src/views/ledger/TransferTab.vue[22m
[2m11:00:52[22m [36m[1m[vite][22m[39m [32mhmr update [39m[2m/@fs/E:/Moyan/moyan/moyan-mfw-workspace/workspace04/moyan-mfw/packages/extensions/extension-ledger/src/frontend/src/views/ledger/TransferTab.vue[22m
[2m11:01:12[22m [36m[1m[vite][22m[39m [32mhmr update [39m[2m/@fs/E:/Moyan/moyan/moyan-mfw-workspace/workspace04/moyan-mfw/packages/extensions/extension-ledger/src/frontend/src/views/ledger/AccountTab.vue[22m
[2m11:01:34[22m [36m[1m[vite][22m[39m [32mhmr update [39m[2m/@fs/E:/Moyan/moyan/moyan-mfw-workspace/workspace04/moyan-mfw/packages/extensions/extension-ledger/src/frontend/src/views/ledger/EntryTab.vue[22m
[2m11:01:44[22m [36m[1m[vite][22m[39m [32mhmr update [39m[2m/@fs/E:/Moyan/moyan/moyan-mfw-workspace/workspace04/moyan-mfw/packages/extensions/extension-ledger/src/frontend/src/views/ledger/EntryTab.vue[22m
[2m11:02:03[22m [36m[1m[vite][22m[39m [32mhmr update [39m[2m/@fs/E:/Moyan/moyan/moyan-mfw-workspace/workspace04/moyan-mfw/packages/extensions/extension-ledger/src/frontend/src/views/ledger/AccountTab.vue[22m
[2m11:02:18[22m [36m[1m[vite][22m[39m [32mhmr update [39m[2m/@fs/E:/Moyan/moyan/moyan-mfw-workspace/workspace04/moyan-mfw/packages/extensions/extension-ledger/src/frontend/src/views/ledger/AccountTab.vue[22m
[2m11:02:36[22m [36m[1m[vite][22m[39m [32mhmr update [39m[2m/@fs/E:/Moyan/moyan/moyan-mfw-workspace/workspace04/moyan-mfw/packages/extensions/extension-ledger/src/frontend/src/views/ledger/TransferTab.vue[22m
[2m11:02:48[22m [36m[1m[vite][22m[39m [32mhmr update [39m[2m/@fs/E:/Moyan/moyan/moyan-mfw-workspace/workspace04/moyan-mfw/packages/extensions/extension-ledger/src/frontend/src/views/ledger/TransferTab.vue[22m
[2m11:05:15[22m [36m[1m[vite][22m[39m [32mhmr update [39m[2m/@fs/E:/Moyan/moyan/moyan-mfw-workspace/workspace04/moyan-mfw/packages/extensions/extension-ledger/src/frontend/src/views/ledger/EntryTab.vue, /@fs/E:/Moyan/moyan/moyan-mfw-workspace/workspace04/moyan-mfw/packages/extensions/extension-ledger/src/frontend/src/views/ledger/AccountTab.vue, /@fs/E:/Moyan/moyan/moyan-mfw-workspace/workspace04/moyan-mfw/packages/extensions/extension-ledger/src/frontend/src/views/ledger/ReconcileTab.vue, /@fs/E:/Moyan/moyan/moyan-mfw-workspace/workspace04/moyan-mfw/packages/extensions/extension-ledger/src/frontend/src/views/ledger/TransferTab.vue, /@fs/E:/Moyan/moyan/moyan-mfw-workspace/workspace04/moyan-mfw/packages/extensions/extension-ledger/src/frontend/src/components/ledger-transfer-detail/Index.vue[22m
[2m11:05:29[22m [36m[1m[vite][22m[39m [32mhmr update [39m[2m/@fs/E:/Moyan/moyan/moyan-mfw-workspace/workspace04/moyan-mfw/packages/extensions/extension-ledger/src/frontend/src/views/ledger/EntryTab.vue, /@fs/E:/Moyan/moyan/moyan-mfw-workspace/workspace04/moyan-mfw/packages/extensions/extension-ledger/src/frontend/src/views/ledger/AccountTab.vue, /@fs/E:/Moyan/moyan/moyan-mfw-workspace/workspace04/moyan-mfw/packages/extensions/extension-ledger/src/frontend/src/views/ledger/ReconcileTab.vue, /@fs/E:/Moyan/moyan/moyan-mfw-workspace/workspace04/moyan-mfw/packages/extensions/extension-ledger/src/frontend/src/views/ledger/TransferTab.vue, /@fs/E:/Moyan/moyan/moyan-mfw-workspace/workspace04/moyan-mfw/packages/extensions/extension-ledger/src/frontend/src/components/ledger-transfer-detail/Index.vue[22m
[2m11:06:09[22m [36m[1m[vite][22m[39m [32mhmr update [39m[2m/@fs/E:/Moyan/moyan/moyan-mfw-workspace/workspace04/moyan-mfw/packages/extensions/extension-ledger/src/frontend/src/views/ledger/AccountTab.vue[22m
[2m11:06:31[22m [36m[1m[vite][22m[39m [32mhmr update [39m[2m/@fs/E:/Moyan/moyan/moyan-mfw-workspace/workspace04/moyan-mfw/packages/extensions/extension-ledger/src/frontend/src/views/ledger/AccountTab.vue[22m
[2m11:08:41[22m [36m[1m[vite][22m[39m [32mhmr update [39m[2m/@fs/E:/Moyan/moyan/moyan-mfw-workspace/workspace04/moyan-mfw/packages/extensions/extension-ledger/src/frontend/src/views/ledger/TransferTab.vue[22m
[2m11:08:55[22m [36m[1m[vite][22m[39m [32mhmr update [39m[2m/@fs/E:/Moyan/moyan/moyan-mfw-workspace/workspace04/moyan-mfw/packages/extensions/extension-ledger/src/frontend/src/views/ledger/TransferTab.vue[22m
[2m11:09:15[22m [36m[1m[vite][22m[39m [32mhmr update [39m[2m/@fs/E:/Moyan/moyan/moyan-mfw-workspace/workspace04/moyan-mfw/packages/extensions/extension-ledger/src/frontend/src/views/ledger/EntryTab.vue[22m
[2m11:09:27[22m [36m[1m[vite][22m[39m [32mhmr update [39m[2m/@fs/E:/Moyan/moyan/moyan-mfw-workspace/workspace04/moyan-mfw/packages/extensions/extension-ledger/src/frontend/src/views/ledger/EntryTab.vue[22m
[2m11:10:02[22m [36m[1m[vite][22m[39m [32mhmr update [39m[2m/@fs/E:/Moyan/moyan/moyan-mfw-workspace/workspace04/moyan-mfw/packages/extensions/extension-ledger/src/frontend/src/views/ledger/ReconcileTab.vue[22m
[2m11:10:12[22m [36m[1m[vite][22m[39m [32mhmr update [39m[2m/@fs/E:/Moyan/moyan/moyan-mfw-workspace/workspace04/moyan-mfw/packages/extensions/extension-ledger/src/frontend/src/views/ledger/ReconcileTab.vue[22m
[2m11:10:30[22m [36m[1m[vite][22m[39m [32mhmr update [39m[2m/@fs/E:/Moyan/moyan/moyan-mfw-workspace/workspace04/moyan-mfw/packages/extensions/extension-ledger/src/frontend/src/components/ledger-transfer-detail/Index.vue[22m
[2m11:10:43[22m [36m[1m[vite][22m[39m [32mhmr update [39m[2m/@fs/E:/Moyan/moyan/moyan-mfw-workspace/workspace04/moyan-mfw/packages/extensions/extension-ledger/src/frontend/src/components/ledger-transfer-detail/Index.vue[22m
[2m11:10:59[22m [36m[1m[vite][22m[39m [32mhmr update [39m[2m/@fs/E:/Moyan/moyan/moyan-mfw-workspace/workspace04/moyan-mfw/packages/extensions/extension-ledger/src/frontend/src/components/ledger-transfer-detail/Index.vue?vue&type=style&index=0&scoped=d4774947&lang.css[22m
[2m11:16:41[22m [36m[1m[vite][22m[39m [32mhmr update [39m[2m/@fs/E:/Moyan/moyan/moyan-mfw-workspace/workspace04/moyan-mfw/packages/extensions/extension-ledger/src/frontend/src/views/ledger/ReconcileTab.vue[22m
[2m11:27:07[22m [36m[1m[vite][22m[39m [32mpage reload [39m[2mE:/Moyan/moyan/moyan-mfw-workspace/workspace04/moyan-mfw/packages/base/src/frontend/src/index.ts[22m
[2m11:28:17[22m [36m[1m[vite][22m[39m [32mhmr update [39m[2m/@fs/E:/Moyan/moyan/moyan-mfw-workspace/workspace04/moyan-mfw/packages/base/src/frontend/src/styles/base-admin.scss[22m
[2m11:28:27[22m [36m[1m[vite][22m[39m [32mhmr update [39m[2m/@fs/E:/Moyan/moyan/moyan-mfw-workspace/workspace04/moyan-mfw/packages/extensions/extension-ledger/src/frontend/src/views/ledger/EntryTab.vue, /@fs/E:/Moyan/moyan/moyan-mfw-workspace/workspace04/moyan-mfw/packages/extensions/extension-ledger/src/frontend/src/views/ledger/AccountTab.vue, /@fs/E:/Moyan/moyan/moyan-mfw-workspace/workspace04/moyan-mfw/packages/extensions/extension-ledger/src/frontend/src/views/ledger/ReconcileTab.vue, /@fs/E:/Moyan/moyan/moyan-mfw-workspace/workspace04/moyan-mfw/packages/extensions/extension-ledger/src/frontend/src/views/ledger/TransferTab.vue, /@fs/E:/Moyan/moyan/moyan-mfw-workspace/workspace04/moyan-mfw/packages/extensions/extension-ledger/src/frontend/src/components/ledger-transfer-detail/Index.vue[22m
[2m11:28:49[22m [36m[1m[vite][22m[39m [32mhmr update [39m[2m/@fs/E:/Moyan/moyan/moyan-mfw-workspace/workspace04/moyan-mfw/packages/extensions/extension-ledger/src/frontend/src/views/ledger/EntryTab.vue, /@fs/E:/Moyan/moyan/moyan-mfw-workspace/workspace04/moyan-mfw/packages/extensions/extension-ledger/src/frontend/src/views/ledger/AccountTab.vue, /@fs/E:/Moyan/moyan/moyan-mfw-workspace/workspace04/moyan-mfw/packages/extensions/extension-ledger/src/frontend/src/views/ledger/ReconcileTab.vue, /@fs/E:/Moyan/moyan/moyan-mfw-workspace/workspace04/moyan-mfw/packages/extensions/extension-ledger/src/frontend/src/views/ledger/TransferTab.vue, /@fs/E:/Moyan/moyan/moyan-mfw-workspace/workspace04/moyan-mfw/packages/extensions/extension-ledger/src/frontend/src/components/ledger-transfer-detail/Index.vue[22m
[2m11:29:00[22m [36m[1m[vite][22m[39m [32mhmr update [39m[2m/@fs/E:/Moyan/moyan/moyan-mfw-workspace/workspace04/moyan-mfw/packages/extensions/extension-ledger/src/frontend/src/components/ledger-transfer-detail/Index.vue[22m
[2m11:29:10[22m [36m[1m[vite][22m[39m [32mhmr update [39m[2m/@fs/E:/Moyan/moyan/moyan-mfw-workspace/workspace04/moyan-mfw/packages/extensions/extension-ledger/src/frontend/src/components/ledger-transfer-detail/Index.vue[22m
[2m11:29:21[22m [36m[1m[vite][22m[39m [32mhmr update [39m[2m/@fs/E:/Moyan/moyan/moyan-mfw-workspace/workspace04/moyan-mfw/packages/extensions/extension-ledger/src/frontend/src/components/ledger-transfer-detail/Index.vue?vue&type=style&index=0&scoped=d4774947&lang.css[22m
[2m11:29:51[22m [36m[1m[vite][22m[39m [32mhmr update [39m[2m/@fs/E:/Moyan/moyan/moyan-mfw-workspace/workspace04/moyan-mfw/packages/extensions/extension-scheduler/src/frontend/src/views/scheduled-task/TaskDefinitionTab.vue, /@fs/E:/Moyan/moyan/moyan-mfw-workspace/workspace04/moyan-mfw/packages/extensions/extension-scheduler/src/frontend/src/views/scheduled-task/TaskInstanceTab.vue, /@fs/E:/Moyan/moyan/moyan-mfw-workspace/workspace04/moyan-mfw/packages/extensions/extension-scheduler/src/frontend/src/views/scheduled-task/SystemConfigTab.vue, /@fs/E:/Moyan/moyan/moyan-mfw-workspace/workspace04/moyan-mfw/packages/extensions/extension-scheduler/src/frontend/src/views/scheduled-task/TaskLogTab.vue, /@fs/E:/Moyan/moyan/moyan-mfw-workspace/workspace04/moyan-mfw/packages/extensions/extension-scheduler/src/frontend/src/views/scheduled-task/TaskInstanceDetail.vue, /@fs/E:/Moyan/moyan/moyan-mfw-workspace/workspace04/moyan-mfw/packages/extensions/extension-scheduler/src/frontend/src/views/scheduled-task/TaskLogDetail.vue[22m
[2m11:30:02[22m [36m[1m[vite][22m[39m [32mhmr update [39m[2m/@fs/E:/Moyan/moyan/moyan-mfw-workspace/workspace04/moyan-mfw/packages/extensions/extension-scheduler/src/frontend/src/views/scheduled-task/TaskDefinitionTab.vue, /@fs/E:/Moyan/moyan/moyan-mfw-workspace/workspace04/moyan-mfw/packages/extensions/extension-scheduler/src/frontend/src/views/scheduled-task/TaskInstanceTab.vue, /@fs/E:/Moyan/moyan/moyan-mfw-workspace/workspace04/moyan-mfw/packages/extensions/extension-scheduler/src/frontend/src/views/scheduled-task/SystemConfigTab.vue, /@fs/E:/Moyan/moyan/moyan-mfw-workspace/workspace04/moyan-mfw/packages/extensions/extension-scheduler/src/frontend/src/views/scheduled-task/TaskLogTab.vue, /@fs/E:/Moyan/moyan/moyan-mfw-workspace/workspace04/moyan-mfw/packages/extensions/extension-scheduler/src/frontend/src/views/scheduled-task/TaskInstanceDetail.vue, /@fs/E:/Moyan/moyan/moyan-mfw-workspace/workspace04/moyan-mfw/packages/extensions/extension-scheduler/src/frontend/src/views/scheduled-task/TaskLogDetail.vue[22m
[2m11:30:44[22m [36m[1m[vite][22m[39m [32mhmr update [39m[2m/@fs/E:/Moyan/moyan/moyan-mfw-workspace/workspace04/moyan-mfw/packages/extensions/extension-scheduler/src/frontend/src/views/scheduled-task/TaskInstanceDetail.vue, /@fs/E:/Moyan/moyan/moyan-mfw-workspace/workspace04/moyan-mfw/packages/extensions/extension-scheduler/src/frontend/src/views/scheduled-task/TaskInstanceDetail.vue?vue&type=style&index=0&scoped=855fca90&lang.scss[22m
[2m11:31:28[22m [36m[1m[vite][22m[39m [32mhmr update [39m[2m/@fs/E:/Moyan/moyan/moyan-mfw-workspace/workspace04/moyan-mfw/packages/extensions/extension-scheduler/src/frontend/src/views/scheduled-task/TaskLogDetail.vue, /@fs/E:/Moyan/moyan/moyan-mfw-workspace/workspace04/moyan-mfw/packages/extensions/extension-scheduler/src/frontend/src/views/scheduled-task/TaskLogDetail.vue?vue&type=style&index=0&scoped=74cb4faf&lang.scss[22m
[2m11:31:57[22m [36m[1m[vite][22m[39m [32mhmr update [39m[2m/@fs/E:/Moyan/moyan/moyan-mfw-workspace/workspace04/moyan-mfw/packages/extensions/extension-scheduler/src/frontend/src/views/scheduled-task/TaskLogDetail.vue?vue&type=style&index=0&scoped=74cb4faf&lang.scss[22m
[2m11:34:24[22m [31m[1m[vite][22m[39m Pre-transform error: [sass] Error: unmatched "}".
   ╷
62 │ }
   │ ^
   ╵
  E:\Moyan\moyan\moyan-mfw-workspace\workspace04\moyan-mfw\packages\extensions\extension-scheduler\src\frontend\src\views\scheduled-task\TaskInstanceDetail.vue 62:1  root stylesheet
[2m11:34:25[22m [31m[1m[vite][22m[39m [31mInternal server error: [sass] Error: unmatched "}".
   ╷
62 │ }
   │ ^
   ╵
  E:\Moyan\moyan\moyan-mfw-workspace\workspace04\moyan-mfw\packages\extensions\extension-scheduler\src\frontend\src\views\scheduled-task\TaskInstanceDetail.vue 62:1  root stylesheet[39m
  Plugin: [35mvite:css[39m
  File: [36mE:/Moyan/moyan/moyan-mfw-workspace/workspace04/moyan-mfw/packages/extensions/extension-scheduler/src/frontend/src/views/scheduled-task/TaskInstanceDetail.vue?vue&type=style&index=0&scoped=855fca90&lang.scss[39m
      at handleCompileResponse (E:\Moyan\moyan\moyan-mfw-workspace\workspace04\moyan-mfw\node_modules\.pnpm\sass-embedded@1.100.0\node_modules\sass-embedded\dist\lib\src\compiler\utils.js:156:15)
      at AsyncCompiler.compileRequestAsync (E:\Moyan\moyan\moyan-mfw-workspace\workspace04\moyan-mfw\node_modules\.pnpm\sass-embedded@1.100.0\node_modules\sass-embedded\dist\lib\src\compiler\async.js:115:54)
      at process.processTicksAndRejections (node:internal/process/task_queues:104:5)
      at async Object.run (file:///E:/Moyan/moyan/moyan-mfw-workspace/workspace04/moyan-mfw/node_modules/.pnpm/vite@5.4.21_@types+node@22._219d47bbca33a17c979590806571fa92/node_modules/vite/dist/node/chunks/dep-BK3b2jBa.js:37528:22)
      at async process (file:///E:/Moyan/moyan/moyan-mfw-workspace/workspace04/moyan-mfw/node_modules/.pnpm/vite@5.4.21_@types+node@22._219d47bbca33a17c979590806571fa92/node_modules/vite/dist/node/chunks/dep-BK3b2jBa.js:37578:24)
      at async compileCSSPreprocessors (file:///E:/Moyan/moyan/moyan-mfw-workspace/workspace04/moyan-mfw/node_modules/.pnpm/vite@5.4.21_@types+node@22._219d47bbca33a17c979590806571fa92/node_modules/vite/dist/node/chunks/dep-BK3b2jBa.js:36742:28)
      at async compileCSS (file:///E:/Moyan/moyan/moyan-mfw-workspace/workspace04/moyan-mfw/node_modules/.pnpm/vite@5.4.21_@types+node@22._219d47bbca33a17c979590806571fa92/node_modules/vite/dist/node/chunks/dep-BK3b2jBa.js:36796:32)
      at async TransformPluginContext.transform (file:///E:/Moyan/moyan/moyan-mfw-workspace/workspace04/moyan-mfw/node_modules/.pnpm/vite@5.4.21_@types+node@22._219d47bbca33a17c979590806571fa92/node_modules/vite/dist/node/chunks/dep-BK3b2jBa.js:36171:11)
      at async PluginContainer.transform (file:///E:/Moyan/moyan/moyan-mfw-workspace/workspace04/moyan-mfw/node_modules/.pnpm/vite@5.4.21_@types+node@22._219d47bbca33a17c979590806571fa92/node_modules/vite/dist/node/chunks/dep-BK3b2jBa.js:49099:18)
      at async loadAndTransform (file:///E:/Moyan/moyan/moyan-mfw-workspace/workspace04/moyan-mfw/node_modules/.pnpm/vite@5.4.21_@types+node@22._219d47bbca33a17c979590806571fa92/node_modules/vite/dist/node/chunks/dep-BK3b2jBa.js:51978:27)
      at async viteTransformMiddleware (file:///E:/Moyan/moyan/moyan-mfw-workspace/workspace04/moyan-mfw/node_modules/.pnpm/vite@5.4.21_@types+node@22._219d47bbca33a17c979590806571fa92/node_modules/vite/dist/node/chunks/dep-BK3b2jBa.js:62106:24)
[2m11:36:07[22m [36m[1m[vite][22m[39m [32mhmr update [39m[2m/@fs/E:/Moyan/moyan/moyan-mfw-workspace/workspace04/moyan-mfw/packages/extensions/extension-scheduler/src/frontend/src/views/scheduled-task/TaskInstanceDetail.vue?vue&type=style&index=0&scoped=855fca90&lang.scss[22m
[2m11:42:01[22m [36m[1m[vite][22m[39m [32mhmr update [39m[2m/@fs/E:/Moyan/moyan/moyan-mfw-workspace/workspace04/moyan-mfw/packages/extensions/extension-ledger/src/frontend/src/views/ledger/TransferTab.vue[22m
[2m11:44:08[22m [36m[1m[vite][22m[39m [32mhmr update [39m[2m/@fs/E:/Moyan/moyan/moyan-mfw-workspace/workspace04/moyan-mfw/packages/extensions/extension-ledger/src/frontend/src/views/ledger/TransferTab.vue[22m
[2m11:44:17[22m [36m[1m[vite][22m[39m [32mhmr update [39m[2m/@fs/E:/Moyan/moyan/moyan-mfw-workspace/workspace04/moyan-mfw/packages/extensions/extension-ledger/src/frontend/src/views/ledger/TransferTab.vue[22m
[2m11:49:58[22m [36m[1m[vite][22m[39m [32mhmr update [39m[2m/@fs/E:/Moyan/moyan/moyan-mfw-workspace/workspace04/moyan-mfw/packages/base/src/frontend/src/components/table/table-list/index.tsx[22m
[2m11:50:04[22m [36m[1m[vite][22m[39m [32mhmr update [39m[2m/@fs/E:/Moyan/moyan/moyan-mfw-workspace/workspace04/moyan-mfw/packages/base/src/frontend/src/components/table/table-list/index.tsx[22m
[2m11:50:08[22m [36m[1m[vite][22m[39m [32mpage reload [39m[2mE:/Moyan/moyan/moyan-mfw-workspace/workspace04/moyan-mfw/packages/base/src/frontend/src/utils/clipboard.ts[22m
[2m11:50:12[22m [36m[1m[vite][22m[39m [32mhmr update [39m[2m/@fs/E:/Moyan/moyan/moyan-mfw-workspace/workspace04/moyan-mfw/packages/extensions/extension-ledger/src/frontend/src/views/ledger/EntryTab.vue[22m
[2m11:50:14[22m [36m[1m[vite][22m[39m [32mhmr update [39m[2m/@fs/E:/Moyan/moyan/moyan-mfw-workspace/workspace04/moyan-mfw/packages/extensions/extension-ledger/src/frontend/src/views/ledger/EntryTab.vue[22m
[2m11:50:17[22m [36m[1m[vite][22m[39m [32mhmr update [39m[2m/@fs/E:/Moyan/moyan/moyan-mfw-workspace/workspace04/moyan-mfw/packages/extensions/extension-ledger/src/frontend/src/views/ledger/AccountTab.vue[22m
[2m11:50:19[22m [36m[1m[vite][22m[39m [32mhmr update [39m[2m/@fs/E:/Moyan/moyan/moyan-mfw-workspace/workspace04/moyan-mfw/packages/extensions/extension-ledger/src/frontend/src/views/ledger/AccountTab.vue[22m
[2m11:50:22[22m [36m[1m[vite][22m[39m [32mhmr update [39m[2m/@fs/E:/Moyan/moyan/moyan-mfw-workspace/workspace04/moyan-mfw/packages/extensions/extension-ledger/src/frontend/src/views/ledger/TransferTab.vue[22m
[2m11:50:25[22m [36m[1m[vite][22m[39m [32mhmr update [39m[2m/@fs/E:/Moyan/moyan/moyan-mfw-workspace/workspace04/moyan-mfw/packages/extensions/extension-ledger/src/frontend/src/views/ledger/TransferTab.vue[22m
[2m11:50:28[22m [36m[1m[vite][22m[39m [32mhmr update [39m[2m/@fs/E:/Moyan/moyan/moyan-mfw-workspace/workspace04/moyan-mfw/packages/extensions/extension-ledger/src/frontend/src/views/ledger/ReconcileTab.vue[22m
[2m11:50:30[22m [36m[1m[vite][22m[39m [32mhmr update [39m[2m/@fs/E:/Moyan/moyan/moyan-mfw-workspace/workspace04/moyan-mfw/packages/extensions/extension-ledger/src/frontend/src/views/ledger/ReconcileTab.vue[22m
[2m11:50:46[22m [36m[1m[vite][22m[39m [32mhmr update [39m[2m/@fs/E:/Moyan/moyan/moyan-mfw-workspace/workspace04/moyan-mfw/packages/extensions/extension-scheduler/src/frontend/src/views/scheduled-task/TaskInstanceTab.vue[22m
[2m11:50:48[22m [36m[1m[vite][22m[39m [32mhmr update [39m[2m/@fs/E:/Moyan/moyan/moyan-mfw-workspace/workspace04/moyan-mfw/packages/extensions/extension-scheduler/src/frontend/src/views/scheduled-task/TaskInstanceTab.vue[22m
[2m11:50:50[22m [36m[1m[vite][22m[39m [32mhmr update [39m[2m/@fs/E:/Moyan/moyan/moyan-mfw-workspace/workspace04/moyan-mfw/packages/extensions/extension-scheduler/src/frontend/src/views/scheduled-task/TaskInstanceTab.vue[22m
[2m11:50:54[22m [36m[1m[vite][22m[39m [32mhmr update [39m[2m/@fs/E:/Moyan/moyan/moyan-mfw-workspace/workspace04/moyan-mfw/packages/extensions/extension-scheduler/src/frontend/src/views/scheduled-task/TaskLogTab.vue[22m
[2m11:50:56[22m [36m[1m[vite][22m[39m [32mhmr update [39m[2m/@fs/E:/Moyan/moyan/moyan-mfw-workspace/workspace04/moyan-mfw/packages/extensions/extension-scheduler/src/frontend/src/views/scheduled-task/TaskLogTab.vue[22m
[2m11:51:00[22m [36m[1m[vite][22m[39m [32mhmr update [39m[2m/@fs/E:/Moyan/moyan/moyan-mfw-workspace/workspace04/moyan-mfw/packages/extensions/extension-scheduler/src/frontend/src/views/scheduled-task/TaskDefinitionTab.vue[22m
[2m11:51:02[22m [36m[1m[vite][22m[39m [32mhmr update [39m[2m/@fs/E:/Moyan/moyan/moyan-mfw-workspace/workspace04/moyan-mfw/packages/extensions/extension-scheduler/src/frontend/src/views/scheduled-task/TaskDefinitionTab.vue[22m
[2m11:51:14[22m [36m[1m[vite][22m[39m [32mhmr update [39m[2m/@fs/E:/Moyan/moyan/moyan-mfw-workspace/workspace04/moyan-mfw/packages/extensions/extension-ledger/src/frontend/src/components/ledger-transfer-detail/Index.vue[22m
[2m11:51:16[22m [36m[1m[vite][22m[39m [32mhmr update [39m[2m/@fs/E:/Moyan/moyan/moyan-mfw-workspace/workspace04/moyan-mfw/packages/extensions/extension-ledger/src/frontend/src/components/ledger-transfer-detail/Index.vue?vue&type=style&index=0&scoped=d4774947&lang.css[22m
[2m11:51:37[22m [36m[1m[vite][22m[39m [32mhmr update [39m[2m/@fs/E:/Moyan/moyan/moyan-mfw-workspace/workspace04/moyan-mfw/packages/base/src/frontend/src/components/table/table-list/index.tsx[22m
[2m12:08:10[22m [36m[1m[vite][22m[39m [32mhmr update [39m[2m/@fs/E:/Moyan/moyan/moyan-mfw-workspace/workspace04/moyan-mfw/packages/base/src/frontend/src/components/table/table-list/index.tsx[22m
[2m12:08:13[22m [36m[1m[vite][22m[39m [32mhmr update [39m[2m/@fs/E:/Moyan/moyan/moyan-mfw-workspace/workspace04/moyan-mfw/packages/base/src/frontend/src/components/table/table-list/index.tsx[22m
[2m12:08:17[22m [36m[1m[vite][22m[39m [32mhmr update [39m[2m/@fs/E:/Moyan/moyan/moyan-mfw-workspace/workspace04/moyan-mfw/packages/base/src/frontend/src/components/table/table-list/index.tsx[22m
[2m12:08:20[22m [36m[1m[vite][22m[39m [32mhmr update [39m[2m/@fs/E:/Moyan/moyan/moyan-mfw-workspace/workspace04/moyan-mfw/packages/base/src/frontend/src/components/table/table-list/index.tsx[22m
[2m12:08:23[22m [36m[1m[vite][22m[39m [32mpage reload [39m[2mE:/Moyan/moyan/moyan-mfw-workspace/workspace04/moyan-mfw/packages/base/src/frontend/src/components/page/list-page/types.ts[22m
[2m12:08:25[22m [36m[1m[vite][22m[39m [32mpage reload [39m[2mE:/Moyan/moyan/moyan-mfw-workspace/workspace04/moyan-mfw/packages/base/src/frontend/src/components/page/list-page/types.ts[22m
[2m12:08:28[22m [36m[1m[vite][22m[39m [32mhmr update [39m[2m/@fs/E:/Moyan/moyan/moyan-mfw-workspace/workspace04/moyan-mfw/packages/base/src/frontend/src/components/page/list-page/index.vue[22m
[2m12:08:31[22m [36m[1m[vite][22m[39m [32mhmr update [39m[2m/@fs/E:/Moyan/moyan/moyan-mfw-workspace/workspace04/moyan-mfw/packages/base/src/frontend/src/components/page/list-page/index.vue[22m
[2m12:08:35[22m [36m[1m[vite][22m[39m [32mhmr update [39m[2m/@fs/E:/Moyan/moyan/moyan-mfw-workspace/workspace04/moyan-mfw/packages/extensions/extension-ledger/src/frontend/src/views/ledger/EntryTab.vue[22m
[2m12:08:39[22m [36m[1m[vite][22m[39m [32mhmr update [39m[2m/@fs/E:/Moyan/moyan/moyan-mfw-workspace/workspace04/moyan-mfw/packages/extensions/extension-ledger/src/frontend/src/views/ledger/EntryTab.vue[22m
[2m12:08:43[22m [36m[1m[vite][22m[39m [32mhmr update [39m[2m/@fs/E:/Moyan/moyan/moyan-mfw-workspace/workspace04/moyan-mfw/packages/extensions/extension-ledger/src/frontend/src/views/ledger/EntryTab.vue[22m
[2m12:08:46[22m [36m[1m[vite][22m[39m [32mhmr update [39m[2m/@fs/E:/Moyan/moyan/moyan-mfw-workspace/workspace04/moyan-mfw/packages/extensions/extension-ledger/src/frontend/src/views/ledger/AccountTab.vue[22m
[2m12:08:51[22m [36m[1m[vite][22m[39m [32mhmr update [39m[2m/@fs/E:/Moyan/moyan/moyan-mfw-workspace/workspace04/moyan-mfw/packages/extensions/extension-ledger/src/frontend/src/views/ledger/AccountTab.vue[22m
[2m12:09:04[22m [36m[1m[vite][22m[39m [32mhmr update [39m[2m/@fs/E:/Moyan/moyan/moyan-mfw-workspace/workspace04/moyan-mfw/packages/extensions/extension-ledger/src/frontend/src/views/ledger/TransferTab.vue[22m
[2m12:09:14[22m [36m[1m[vite][22m[39m [32mhmr update [39m[2m/@fs/E:/Moyan/moyan/moyan-mfw-workspace/workspace04/moyan-mfw/packages/extensions/extension-ledger/src/frontend/src/views/ledger/TransferTab.vue[22m
[2m12:09:18[22m [36m[1m[vite][22m[39m [32mhmr update [39m[2m/@fs/E:/Moyan/moyan/moyan-mfw-workspace/workspace04/moyan-mfw/packages/extensions/extension-ledger/src/frontend/src/views/ledger/TransferTab.vue[22m
[2m12:09:21[22m [36m[1m[vite][22m[39m [32mhmr update [39m[2m/@fs/E:/Moyan/moyan/moyan-mfw-workspace/workspace04/moyan-mfw/packages/extensions/extension-ledger/src/frontend/src/views/ledger/TransferTab.vue[22m
[2m12:09:27[22m [36m[1m[vite][22m[39m [32mhmr update [39m[2m/@fs/E:/Moyan/moyan/moyan-mfw-workspace/workspace04/moyan-mfw/packages/extensions/extension-ledger/src/frontend/src/views/ledger/ReconcileTab.vue[22m
[2m12:09:32[22m [36m[1m[vite][22m[39m [32mhmr update [39m[2m/@fs/E:/Moyan/moyan/moyan-mfw-workspace/workspace04/moyan-mfw/packages/extensions/extension-ledger/src/frontend/src/views/ledger/ReconcileTab.vue[22m
[2m12:09:35[22m [36m[1m[vite][22m[39m [32mhmr update [39m[2m/@fs/E:/Moyan/moyan/moyan-mfw-workspace/workspace04/moyan-mfw/packages/extensions/extension-ledger/src/frontend/src/views/ledger/ReconcileTab.vue[22m
[2m12:09:47[22m [36m[1m[vite][22m[39m [32mhmr update [39m[2m/@fs/E:/Moyan/moyan/moyan-mfw-workspace/workspace04/moyan-mfw/packages/extensions/extension-ledger/src/frontend/src/views/ledger/ReconcileTab.vue[22m
[2m12:09:53[22m [36m[1m[vite][22m[39m [32mhmr update [39m[2m/@fs/E:/Moyan/moyan/moyan-mfw-workspace/workspace04/moyan-mfw/packages/extensions/extension-scheduler/src/frontend/src/views/scheduled-task/TaskInstanceTab.vue[22m
[2m12:09:57[22m [36m[1m[vite][22m[39m [32mhmr update [39m[2m/@fs/E:/Moyan/moyan/moyan-mfw-workspace/workspace04/moyan-mfw/packages/extensions/extension-scheduler/src/frontend/src/views/scheduled-task/TaskInstanceTab.vue[22m
[2m12:10:11[22m [36m[1m[vite][22m[39m [32mhmr update [39m[2m/@fs/E:/Moyan/moyan/moyan-mfw-workspace/workspace04/moyan-mfw/packages/extensions/extension-scheduler/src/frontend/src/views/scheduled-task/TaskLogTab.vue[22m
[2m12:10:14[22m [36m[1m[vite][22m[39m [32mhmr update [39m[2m/@fs/E:/Moyan/moyan/moyan-mfw-workspace/workspace04/moyan-mfw/packages/extensions/extension-scheduler/src/frontend/src/views/scheduled-task/TaskLogTab.vue[22m
[2m12:10:16[22m [36m[1m[vite][22m[39m [32mhmr update [39m[2m/@fs/E:/Moyan/moyan/moyan-mfw-workspace/workspace04/moyan-mfw/packages/extensions/extension-scheduler/src/frontend/src/views/scheduled-task/TaskLogTab.vue[22m
[2m12:10:20[22m [36m[1m[vite][22m[39m [32mhmr update [39m[2m/@fs/E:/Moyan/moyan/moyan-mfw-workspace/workspace04/moyan-mfw/packages/extensions/extension-scheduler/src/frontend/src/views/scheduled-task/TaskLogTab.vue[22m
[2m12:10:26[22m [36m[1m[vite][22m[39m [32mhmr update [39m[2m/@fs/E:/Moyan/moyan/moyan-mfw-workspace/workspace04/moyan-mfw/packages/extensions/extension-scheduler/src/frontend/src/views/scheduled-task/TaskDefinitionTab.vue[22m
[2m12:10:29[22m [36m[1m[vite][22m[39m [32mhmr update [39m[2m/@fs/E:/Moyan/moyan/moyan-mfw-workspace/workspace04/moyan-mfw/packages/extensions/extension-scheduler/src/frontend/src/views/scheduled-task/TaskDefinitionTab.vue[22m
[2m12:10:33[22m [36m[1m[vite][22m[39m [32mhmr update [39m[2m/@fs/E:/Moyan/moyan/moyan-mfw-workspace/workspace04/moyan-mfw/packages/extensions/extension-scheduler/src/frontend/src/views/scheduled-task/TaskDefinitionTab.vue[22m
[2m12:11:53[22m [36m[1m[vite][22m[39m [32mhmr update [39m[2m/@fs/E:/Moyan/moyan/moyan-mfw-workspace/workspace04/moyan-mfw/packages/base/src/frontend/src/components/table/table-list/index.tsx[22m
[2m12:16:18[22m [36m[1m[vite][22m[39m [32mhmr update [39m[2m/@fs/E:/Moyan/moyan/moyan-mfw-workspace/workspace04/moyan-mfw/packages/base/src/frontend/src/components/table/table-list/index.tsx[22m
[2m12:29:14[22m [36m[1m[vite][22m[39m [32mhmr update [39m[2m/@fs/E:/Moyan/moyan/moyan-mfw-workspace/workspace04/moyan-mfw/packages/extensions/extension-ledger/src/frontend/src/views/ledger/AccountTab.vue[22m
[2m12:29:18[22m [36m[1m[vite][22m[39m [32mhmr update [39m[2m/@fs/E:/Moyan/moyan/moyan-mfw-workspace/workspace04/moyan-mfw/packages/extensions/extension-ledger/src/frontend/src/views/ledger/AccountTab.vue[22m
[2m12:29:33[22m [36m[1m[vite][22m[39m [32mhmr update [39m[2m/@fs/E:/Moyan/moyan/moyan-mfw-workspace/workspace04/moyan-mfw/packages/extensions/extension-ledger/src/frontend/src/views/ledger/EntryTab.vue[22m
[2m12:29:37[22m [36m[1m[vite][22m[39m [32mhmr update [39m[2m/@fs/E:/Moyan/moyan/moyan-mfw-workspace/workspace04/moyan-mfw/packages/extensions/extension-ledger/src/frontend/src/views/ledger/EntryTab.vue[22m
[2m13:13:42[22m [36m[1m[vite][22m[39m [32mpage reload [39m[2mE:/Moyan/moyan/moyan-mfw-workspace/workspace04/moyan-mfw/demo/shared/dist/esm/supplier.js[22m
[2m13:13:42[22m [36m[1m[vite][22m[39m [32mpage reload [39m[2mE:/Moyan/moyan/moyan-mfw-workspace/workspace04/moyan-mfw/demo/shared/dist/esm/permissions.js[22m
[2m13:13:42[22m [36m[1m[vite][22m[39m [32mpage reload [39m[2mE:/Moyan/moyan/moyan-mfw-workspace/workspace04/moyan-mfw/demo/shared/dist/esm/index.js[22m
[2m14:11:43[22m [36m[1m[vite][22m[39m [32mhmr update [39m[2m/@fs/E:/Moyan/moyan/moyan-mfw-workspace/workspace04/moyan-mfw/packages/extensions/extension-ledger/src/frontend/src/views/ledger/EntryTab.vue[22m
[2m14:12:46[22m [31m[1m[vite][22m[39m [31mhttp proxy error: /api/install/status[39m
AggregateError [ECONNREFUSED]: 
    at internalConnectMultiple (node:net:1193:18)
    at afterConnectMultiple (node:net:1783:7)
[2m14:12:47[22m [31m[1m[vite][22m[39m [31mhttp proxy error: /api/permission-values[39m
AggregateError [ECONNREFUSED]: 
    at internalConnectMultiple (node:net:1193:18)
    at afterConnectMultiple (node:net:1783:7)
[2m14:12:47[22m [31m[1m[vite][22m[39m [31mhttp proxy error: /api/permission-values[39m
AggregateError [ECONNREFUSED]: 
    at internalConnectMultiple (node:net:1193:18)
    at afterConnectMultiple (node:net:1783:7)
[2m14:12:47[22m [31m[1m[vite][22m[39m [31mhttp proxy error: /api/auth/userinfo[39m
AggregateError [ECONNREFUSED]: 
    at internalConnectMultiple (node:net:1193:18)
    at afterConnectMultiple (node:net:1783:7)
[2m15:51:49[22m [36m[1m[vite][22m[39m [32mhmr update [39m[2m/@fs/E:/Moyan/moyan/moyan-mfw-workspace/workspace04/moyan-mfw/packages/extensions/extension-ledger/src/frontend/src/views/ledger/EntryTab.vue, /@fs/E:/Moyan/moyan/moyan-mfw-workspace/workspace04/moyan-mfw/packages/extensions/extension-ledger/src/frontend/src/views/ledger/AccountTab.vue, /@fs/E:/Moyan/moyan/moyan-mfw-workspace/workspace04/moyan-mfw/packages/extensions/extension-ledger/src/frontend/src/views/ledger/ReconcileTab.vue, /@fs/E:/Moyan/moyan/moyan-mfw-workspace/workspace04/moyan-mfw/packages/extensions/extension-ledger/src/frontend/src/views/ledger/TransferTab.vue, /@fs/E:/Moyan/moyan/moyan-mfw-workspace/workspace04/moyan-mfw/packages/extensions/extension-ledger/src/frontend/src/components/ledger-audit-form/Index.vue, /@fs/E:/Moyan/moyan/moyan-mfw-workspace/workspace04/moyan-mfw/packages/extensions/extension-ledger/src/frontend/src/components/ledger-account-form/Index.vue, /@fs/E:/Moyan/moyan/moyan-mfw-workspace/workspace04/moyan-mfw/packages/extensions/extension-ledger/src/frontend/src/components/ledger-transfer-form/Index.vue[22m
[2m15:52:38[22m [36m[1m[vite][22m[39m [32mhmr update [39m[2m/@fs/E:/Moyan/moyan/moyan-mfw-workspace/workspace04/moyan-mfw/packages/extensions/extension-ledger/src/frontend/src/views/ledger/EntryTab.vue, /@fs/E:/Moyan/moyan/moyan-mfw-workspace/workspace04/moyan-mfw/packages/extensions/extension-ledger/src/frontend/src/views/ledger/AccountTab.vue, /@fs/E:/Moyan/moyan/moyan-mfw-workspace/workspace04/moyan-mfw/packages/extensions/extension-ledger/src/frontend/src/views/ledger/ReconcileTab.vue, /@fs/E:/Moyan/moyan/moyan-mfw-workspace/workspace04/moyan-mfw/packages/extensions/extension-ledger/src/frontend/src/views/ledger/TransferTab.vue, /@fs/E:/Moyan/moyan/moyan-mfw-workspace/workspace04/moyan-mfw/packages/extensions/extension-ledger/src/frontend/src/components/ledger-transfer-detail/Index.vue[22m
[2m15:52:55[22m [36m[1m[vite][22m[39m [32mhmr update [39m[2m/@fs/E:/Moyan/moyan/moyan-mfw-workspace/workspace04/moyan-mfw/packages/extensions/extension-ledger/src/frontend/src/views/ledger/TransferTab.vue[22m
[2m15:53:10[22m [36m[1m[vite][22m[39m [32mhmr update [39m[2m/@fs/E:/Moyan/moyan/moyan-mfw-workspace/workspace04/moyan-mfw/packages/extensions/extension-ledger/src/frontend/src/views/ledger/TransferTab.vue[22m
[2m15:53:25[22m [36m[1m[vite][22m[39m [32mhmr update [39m[2m/@fs/E:/Moyan/moyan/moyan-mfw-workspace/workspace04/moyan-mfw/packages/extensions/extension-ledger/src/frontend/src/components/ledger-transfer-form/Index.vue[22m
[2m15:53:32[22m [36m[1m[vite][22m[39m [32mhmr update [39m[2m/@fs/E:/Moyan/moyan/moyan-mfw-workspace/workspace04/moyan-mfw/packages/extensions/extension-ledger/src/frontend/src/components/ledger-transfer-form/Index.vue[22m
[2m15:53:38[22m [36m[1m[vite][22m[39m [32mhmr update [39m[2m/@fs/E:/Moyan/moyan/moyan-mfw-workspace/workspace04/moyan-mfw/packages/extensions/extension-ledger/src/frontend/src/components/ledger-transfer-form/Index.vue[22m
[2m15:54:31[22m [36m[1m[vite][22m[39m [32mhmr update [39m[2m/@fs/E:/Moyan/moyan/moyan-mfw-workspace/workspace04/moyan-mfw/packages/extensions/extension-ledger/src/frontend/src/views/ledger/EntryTab.vue, /@fs/E:/Moyan/moyan/moyan-mfw-workspace/workspace04/moyan-mfw/packages/extensions/extension-ledger/src/frontend/src/views/ledger/AccountTab.vue, /@fs/E:/Moyan/moyan/moyan-mfw-workspace/workspace04/moyan-mfw/packages/extensions/extension-ledger/src/frontend/src/views/ledger/ReconcileTab.vue, /@fs/E:/Moyan/moyan/moyan-mfw-workspace/workspace04/moyan-mfw/packages/extensions/extension-ledger/src/frontend/src/views/ledger/TransferTab.vue, /@fs/E:/Moyan/moyan/moyan-mfw-workspace/workspace04/moyan-mfw/packages/extensions/extension-ledger/src/frontend/src/components/ledger-audit-form/Index.vue, /@fs/E:/Moyan/moyan/moyan-mfw-workspace/workspace04/moyan-mfw/packages/extensions/extension-ledger/src/frontend/src/components/ledger-account-form/Index.vue, /@fs/E:/Moyan/moyan/moyan-mfw-workspace/workspace04/moyan-mfw/packages/extensions/extension-ledger/src/frontend/src/components/ledger-transfer-form/Index.vue[22m
[2m15:54:37[22m [36m[1m[vite][22m[39m [32mhmr update [39m[2m/@fs/E:/Moyan/moyan/moyan-mfw-workspace/workspace04/moyan-mfw/packages/extensions/extension-ledger/src/frontend/src/views/ledger/EntryTab.vue, /@fs/E:/Moyan/moyan/moyan-mfw-workspace/workspace04/moyan-mfw/packages/extensions/extension-ledger/src/frontend/src/views/ledger/AccountTab.vue, /@fs/E:/Moyan/moyan/moyan-mfw-workspace/workspace04/moyan-mfw/packages/extensions/extension-ledger/src/frontend/src/views/ledger/ReconcileTab.vue, /@fs/E:/Moyan/moyan/moyan-mfw-workspace/workspace04/moyan-mfw/packages/extensions/extension-ledger/src/frontend/src/views/ledger/TransferTab.vue, /@fs/E:/Moyan/moyan/moyan-mfw-workspace/workspace04/moyan-mfw/packages/extensions/extension-ledger/src/frontend/src/components/ledger-transfer-detail/Index.vue, /@fs/E:/Moyan/moyan/moyan-mfw-workspace/workspace04/moyan-mfw/packages/extensions/extension-ledger/src/frontend/src/components/ledger-transfer-form/Index.vue[22m
[2m15:54:37[22m [31m[1m[vite][22m[39m [31mhttp proxy error: /api/ext/ledger/transfers?page=1&pageSize=20[39m
AggregateError [ECONNREFUSED]: 
    at internalConnectMultiple (node:net:1193:18)
    at afterConnectMultiple (node:net:1783:7)
[2m15:55:10[22m [36m[1m[vite][22m[39m [32mhmr update [39m[2m/@fs/E:/Moyan/moyan/moyan-mfw-workspace/workspace04/moyan-mfw/packages/extensions/extension-ledger/src/frontend/src/views/ledger/EntryTab.vue, /@fs/E:/Moyan/moyan/moyan-mfw-workspace/workspace04/moyan-mfw/packages/extensions/extension-ledger/src/frontend/src/views/ledger/AccountTab.vue, /@fs/E:/Moyan/moyan/moyan-mfw-workspace/workspace04/moyan-mfw/packages/extensions/extension-ledger/src/frontend/src/views/ledger/ReconcileTab.vue, /@fs/E:/Moyan/moyan/moyan-mfw-workspace/workspace04/moyan-mfw/packages/extensions/extension-ledger/src/frontend/src/views/ledger/TransferTab.vue, /@fs/E:/Moyan/moyan/moyan-mfw-workspace/workspace04/moyan-mfw/packages/extensions/extension-ledger/src/frontend/src/components/ledger-audit-form/Index.vue, /@fs/E:/Moyan/moyan/moyan-mfw-workspace/workspace04/moyan-mfw/packages/extensions/extension-ledger/src/frontend/src/components/ledger-account-form/Index.vue, /@fs/E:/Moyan/moyan/moyan-mfw-workspace/workspace04/moyan-mfw/packages/extensions/extension-ledger/src/frontend/src/components/ledger-transfer-form/Index.vue[22m
[2m16:10:56[22m [36m[1m[vite][22m[39m [32mhmr update [39m[2m/@fs/E:/Moyan/moyan/moyan-mfw-workspace/workspace04/moyan-mfw/packages/extensions/extension-ledger/src/frontend/src/components/ledger-transfer-form/Index.vue[22m
[2m16:11:07[22m [36m[1m[vite][22m[39m [32mhmr update [39m[2m/@fs/E:/Moyan/moyan/moyan-mfw-workspace/workspace04/moyan-mfw/packages/extensions/extension-ledger/src/frontend/src/components/ledger-transfer-form/Index.vue[22m
[2m16:23:12[22m [36m[1m[vite][22m[39m [32mhmr update [39m[2m/@fs/E:/Moyan/moyan/moyan-mfw-workspace/workspace04/moyan-mfw/packages/extensions/extension-ledger/src/frontend/src/views/ledger/EntryTab.vue[22m
[2m16:25:38[22m [36m[1m[vite][22m[39m [32mhmr update [39m[2m/@fs/E:/Moyan/moyan/moyan-mfw-workspace/workspace04/moyan-mfw/packages/extensions/extension-ledger/src/frontend/src/views/ledger/EntryTab.vue, /@fs/E:/Moyan/moyan/moyan-mfw-workspace/workspace04/moyan-mfw/packages/extensions/extension-ledger/src/frontend/src/views/ledger/AccountTab.vue, /@fs/E:/Moyan/moyan/moyan-mfw-workspace/workspace04/moyan-mfw/packages/extensions/extension-ledger/src/frontend/src/views/ledger/ReconcileTab.vue, /@fs/E:/Moyan/moyan/moyan-mfw-workspace/workspace04/moyan-mfw/packages/extensions/extension-ledger/src/frontend/src/views/ledger/TransferTab.vue, /@fs/E:/Moyan/moyan/moyan-mfw-workspace/workspace04/moyan-mfw/packages/extensions/extension-ledger/src/frontend/src/components/ledger-audit-form/Index.vue, /@fs/E:/Moyan/moyan/moyan-mfw-workspace/workspace04/moyan-mfw/packages/extensions/extension-ledger/src/frontend/src/components/ledger-account-form/Index.vue, /@fs/E:/Moyan/moyan/moyan-mfw-workspace/workspace04/moyan-mfw/packages/extensions/extension-ledger/src/frontend/src/components/ledger-transfer-form/Index.vue[22m
[2m16:25:55[22m [36m[1m[vite][22m[39m [32mhmr update [39m[2m/@fs/E:/Moyan/moyan/moyan-mfw-workspace/workspace04/moyan-mfw/packages/extensions/extension-ledger/src/frontend/src/views/ledger/EntryTab.vue[22m
[2m16:44:37[22m [36m[1m[vite][22m[39m [32mhmr update [39m[2m/@fs/E:/Moyan/moyan/moyan-mfw-workspace/workspace04/moyan-mfw/packages/extensions/extension-ledger/src/frontend/src/views/ledger/EntryTab.vue[22m
[2m16:44:45[22m [36m[1m[vite][22m[39m [32mhmr update [39m[2m/@fs/E:/Moyan/moyan/moyan-mfw-workspace/workspace04/moyan-mfw/packages/extensions/extension-ledger/src/frontend/src/views/ledger/EntryTab.vue[22m
[2m16:44:51[22m [36m[1m[vite][22m[39m [32mhmr update [39m[2m/@fs/E:/Moyan/moyan/moyan-mfw-workspace/workspace04/moyan-mfw/packages/extensions/extension-ledger/src/frontend/src/views/ledger/EntryTab.vue[22m
[2m16:45:23[22m [36m[1m[vite][22m[39m [32mhmr update [39m[2m/@fs/E:/Moyan/moyan/moyan-mfw-workspace/workspace04/moyan-mfw/packages/extensions/extension-ledger/src/frontend/src/views/ledger/AccountTab.vue[22m
[2m16:45:30[22m [36m[1m[vite][22m[39m [32mhmr update [39m[2m/@fs/E:/Moyan/moyan/moyan-mfw-workspace/workspace04/moyan-mfw/packages/extensions/extension-ledger/src/frontend/src/views/ledger/AccountTab.vue[22m
[2m16:45:36[22m [36m[1m[vite][22m[39m [32mhmr update [39m[2m/@fs/E:/Moyan/moyan/moyan-mfw-workspace/workspace04/moyan-mfw/packages/extensions/extension-ledger/src/frontend/src/views/ledger/ReconcileTab.vue[22m
[2m16:45:44[22m [36m[1m[vite][22m[39m [32mhmr update [39m[2m/@fs/E:/Moyan/moyan/moyan-mfw-workspace/workspace04/moyan-mfw/packages/extensions/extension-ledger/src/frontend/src/views/ledger/ReconcileTab.vue[22m
[2m16:45:52[22m [36m[1m[vite][22m[39m [32mhmr update [39m[2m/@fs/E:/Moyan/moyan/moyan-mfw-workspace/workspace04/moyan-mfw/packages/extensions/extension-ledger/src/frontend/src/views/ledger/ReconcileTab.vue[22m
[2m16:46:06[22m [36m[1m[vite][22m[39m [32mhmr update [39m[2m/@fs/E:/Moyan/moyan/moyan-mfw-workspace/workspace04/moyan-mfw/packages/extensions/extension-ledger/src/frontend/src/components/ledger-transfer-detail/Index.vue[22m
[2m17:02:25[22m [36m[1m[vite][22m[39m [32mhmr update [39m[2m/@fs/E:/Moyan/moyan/moyan-mfw-workspace/workspace04/moyan-mfw/packages/extensions/extension-ledger/src/frontend/src/views/ledger/EntryTab.vue, /@fs/E:/Moyan/moyan/moyan-mfw-workspace/workspace04/moyan-mfw/packages/extensions/extension-ledger/src/frontend/src/views/ledger/AccountTab.vue, /@fs/E:/Moyan/moyan/moyan-mfw-workspace/workspace04/moyan-mfw/packages/extensions/extension-ledger/src/frontend/src/views/ledger/ReconcileTab.vue, /@fs/E:/Moyan/moyan/moyan-mfw-workspace/workspace04/moyan-mfw/packages/extensions/extension-ledger/src/frontend/src/views/ledger/TransferTab.vue, /@fs/E:/Moyan/moyan/moyan-mfw-workspace/workspace04/moyan-mfw/packages/extensions/extension-ledger/src/frontend/src/components/ledger-transfer-detail/Index.vue, /@fs/E:/Moyan/moyan/moyan-mfw-workspace/workspace04/moyan-mfw/packages/extensions/extension-ledger/src/frontend/src/components/ledger-transfer-form/Index.vue, /@fs/E:/Moyan/moyan/moyan-mfw-workspace/workspace04/moyan-mfw/packages/extensions/extension-ledger/src/frontend/src/components/ledger-entry-detail/Index.vue, /@fs/E:/Moyan/moyan/moyan-mfw-workspace/workspace04/moyan-mfw/packages/extensions/extension-ledger/src/frontend/src/components/ledger-account-detail/Index.vue, /@fs/E:/Moyan/moyan/moyan-mfw-workspace/workspace04/moyan-mfw/packages/extensions/extension-ledger/src/frontend/src/components/ledger-reconcile-detail/Index.vue[22m
[2m17:02:41[22m [36m[1m[vite][22m[39m [32mhmr update [39m[2m/@fs/E:/Moyan/moyan/moyan-mfw-workspace/workspace04/moyan-mfw/packages/extensions/extension-ledger/src/frontend/src/views/ledger/EntryTab.vue, /@fs/E:/Moyan/moyan/moyan-mfw-workspace/workspace04/moyan-mfw/packages/extensions/extension-ledger/src/frontend/src/views/ledger/AccountTab.vue, /@fs/E:/Moyan/moyan/moyan-mfw-workspace/workspace04/moyan-mfw/packages/extensions/extension-ledger/src/frontend/src/views/ledger/ReconcileTab.vue, /@fs/E:/Moyan/moyan/moyan-mfw-workspace/workspace04/moyan-mfw/packages/extensions/extension-ledger/src/frontend/src/views/ledger/TransferTab.vue, /@fs/E:/Moyan/moyan/moyan-mfw-workspace/workspace04/moyan-mfw/packages/extensions/extension-ledger/src/frontend/src/components/ledger-transfer-detail/Index.vue, /@fs/E:/Moyan/moyan/moyan-mfw-workspace/workspace04/moyan-mfw/packages/extensions/extension-ledger/src/frontend/src/components/ledger-transfer-form/Index.vue, /@fs/E:/Moyan/moyan/moyan-mfw-workspace/workspace04/moyan-mfw/packages/extensions/extension-ledger/src/frontend/src/components/ledger-entry-detail/Index.vue, /@fs/E:/Moyan/moyan/moyan-mfw-workspace/workspace04/moyan-mfw/packages/extensions/extension-ledger/src/frontend/src/components/ledger-account-detail/Index.vue, /@fs/E:/Moyan/moyan/moyan-mfw-workspace/workspace04/moyan-mfw/packages/extensions/extension-ledger/src/frontend/src/components/ledger-reconcile-detail/Index.vue[22m
[2m17:03:03[22m [36m[1m[vite][22m[39m [32mhmr update [39m[2m/@fs/E:/Moyan/moyan/moyan-mfw-workspace/workspace04/moyan-mfw/packages/extensions/extension-ledger/src/frontend/src/views/ledger/EntryTab.vue, /@fs/E:/Moyan/moyan/moyan-mfw-workspace/workspace04/moyan-mfw/packages/extensions/extension-ledger/src/frontend/src/views/ledger/AccountTab.vue, /@fs/E:/Moyan/moyan/moyan-mfw-workspace/workspace04/moyan-mfw/packages/extensions/extension-ledger/src/frontend/src/views/ledger/ReconcileTab.vue, /@fs/E:/Moyan/moyan/moyan-mfw-workspace/workspace04/moyan-mfw/packages/extensions/extension-ledger/src/frontend/src/views/ledger/TransferTab.vue, /@fs/E:/Moyan/moyan/moyan-mfw-workspace/workspace04/moyan-mfw/packages/extensions/extension-ledger/src/frontend/src/components/ledger-transfer-detail/Index.vue, /@fs/E:/Moyan/moyan/moyan-mfw-workspace/workspace04/moyan-mfw/packages/extensions/extension-ledger/src/frontend/src/components/ledger-transfer-form/Index.vue, /@fs/E:/Moyan/moyan/moyan-mfw-workspace/workspace04/moyan-mfw/packages/extensions/extension-ledger/src/frontend/src/components/ledger-entry-detail/Index.vue, /@fs/E:/Moyan/moyan/moyan-mfw-workspace/workspace04/moyan-mfw/packages/extensions/extension-ledger/src/frontend/src/components/ledger-account-detail/Index.vue, /@fs/E:/Moyan/moyan/moyan-mfw-workspace/workspace04/moyan-mfw/packages/extensions/extension-ledger/src/frontend/src/components/ledger-reconcile-detail/Index.vue[22m
[2m17:03:37[22m [36m[1m[vite][22m[39m [32mhmr update [39m[2m/@fs/E:/Moyan/moyan/moyan-mfw-workspace/workspace04/moyan-mfw/packages/extensions/extension-ledger/src/frontend/src/views/ledger/TransferTab.vue[22m
[2m17:03:37[22m [36m[1m[vite][22m[39m [32mhmr update [39m[2m/@fs/E:/Moyan/moyan/moyan-mfw-workspace/workspace04/moyan-mfw/packages/extensions/extension-ledger/src/frontend/src/components/ledger-transfer-form/Index.vue[22m
[2m17:03:37[22m [36m[1m[vite][22m[39m [32mhmr update [39m[2m/@fs/E:/Moyan/moyan/moyan-mfw-workspace/workspace04/moyan-mfw/packages/extensions/extension-ledger/src/frontend/src/components/ledger-transfer-detail/Index.vue[22m
[2m17:03:51[22m [36m[1m[vite][22m[39m [32mpage reload [39m[2mE:/Moyan/moyan/moyan-mfw-workspace/workspace04/moyan-mfw/packages/extensions/extension-ledger/src/frontend/src/index.ts[22m
[2m17:03:53[22m [31m[1m[vite][22m[39m [31mhttp proxy error: /api/route-sync/check[39m
AggregateError [ECONNREFUSED]: 
    at internalConnectMultiple (node:net:1193:18)
    at afterConnectMultiple (node:net:1783:7)
[2m17:03:53[22m [31m[1m[vite][22m[39m [31mhttp proxy error: /api/ext/ledger/accounts?page=1&pageSize=20[39m
AggregateError [ECONNREFUSED]: 
    at internalConnectMultiple (node:net:1193:18)
    at afterConnectMultiple (node:net:1783:7)
[2m17:04:20[22m [36m[1m[vite][22m[39m [32mpage reload [39m[2msrc/main.ts[22m
[2m17:07:37[22m [36m[1m[vite][22m[39m [32mhmr update [39m[2m/@fs/E:/Moyan/moyan/moyan-mfw-workspace/workspace04/moyan-mfw/packages/extensions/extension-ledger/src/frontend/src/views/ledger/Index.vue[22m
[2m17:08:10[22m [36m[1m[vite][22m[39m [32mhmr update [39m[2m/@fs/E:/Moyan/moyan/moyan-mfw-workspace/workspace04/moyan-mfw/packages/extensions/extension-ledger/src/frontend/src/views/ledger/EntryTab.vue, /@fs/E:/Moyan/moyan/moyan-mfw-workspace/workspace04/moyan-mfw/packages/extensions/extension-ledger/src/frontend/src/views/ledger/AccountTab.vue, /@fs/E:/Moyan/moyan/moyan-mfw-workspace/workspace04/moyan-mfw/packages/extensions/extension-ledger/src/frontend/src/views/ledger/ReconcileTab.vue, /@fs/E:/Moyan/moyan/moyan-mfw-workspace/workspace04/moyan-mfw/packages/extensions/extension-ledger/src/frontend/src/views/ledger/TransferTab.vue, /@fs/E:/Moyan/moyan/moyan-mfw-workspace/workspace04/moyan-mfw/packages/extensions/extension-ledger/src/frontend/src/components/ledger-audit-form/Index.vue, /@fs/E:/Moyan/moyan/moyan-mfw-workspace/workspace04/moyan-mfw/packages/extensions/extension-ledger/src/frontend/src/components/ledger-account-form/Index.vue, /@fs/E:/Moyan/moyan/moyan-mfw-workspace/workspace04/moyan-mfw/packages/extensions/extension-ledger/src/frontend/src/components/ledger-transfer-form/Index.vue, /@fs/E:/Moyan/moyan/moyan-mfw-workspace/workspace04/moyan-mfw/packages/extensions/extension-ledger/src/frontend/src/views/ledger/Index.vue[22m
[2m17:08:17[22m [36m[1m[vite][22m[39m [32mpage reload [39m[2msrc/config/ledger-biz-meta.ts[22m
[2m17:08:17[22m [31m[1m[vite][22m[39m Pre-transform error: Failed to load url /src/config/ledger-biz-meta.ts (resolved id: E:/Moyan/moyan/moyan-mfw-workspace/workspace04/moyan-mfw/demo/frontend/src/config/ledger-biz-meta.ts) in E:/Moyan/moyan/moyan-mfw-workspace/workspace04/moyan-mfw/demo/frontend/src/main.ts. Does the file exist?
[2m17:08:25[22m [36m[1m[vite][22m[39m [32mpage reload [39m[2msrc/main.ts[22m
[2m17:20:02[22m [36m[1m[vite][22m[39m [32mpage reload [39m[2mE:/Moyan/moyan/moyan-mfw-workspace/workspace04/moyan-mfw/packages/extensions/extension-ledger/src/frontend/src/views/ledger/shared.ts[22m
[2m17:20:06[22m [31m[1m[vite][22m[39m [31mhttp proxy error: /api/ext/ledger/reconcile/reports?page=1&pageSize=20[39m
AggregateError [ECONNREFUSED]: 
    at internalConnectMultiple (node:net:1193:18)
    at afterConnectMultiple (node:net:1783:7)
[2m17:20:31[22m [36m[1m[vite][22m[39m [32mhmr update [39m[2m/@fs/E:/Moyan/moyan/moyan-mfw-workspace/workspace04/moyan-mfw/packages/extensions/extension-ledger/src/frontend/src/components/ledger-transfer-detail/Index.vue[22m
[2m17:20:47[22m [36m[1m[vite][22m[39m [32mhmr update [39m[2m/@fs/E:/Moyan/moyan/moyan-mfw-workspace/workspace04/moyan-mfw/packages/extensions/extension-ledger/src/frontend/src/components/ledger-transfer-detail/Index.vue[22m
[2m17:29:52[22m [36m[1m[vite][22m[39m [32mpage reload [39m[2mE:/Moyan/moyan/moyan-mfw-workspace/workspace04/moyan-mfw/packages/extensions/extension-ledger/src/frontend/src/views/ledger/shared.ts[22m
[2m17:29:57[22m [31m[1m[vite][22m[39m [31mhttp proxy error: /api/ext/ledger/reconcile/reports?page=1&pageSize=20[39m
AggregateError [ECONNREFUSED]: 
    at internalConnectMultiple (node:net:1193:18)
    at afterConnectMultiple (node:net:1783:7)
[2m17:30:27[22m [36m[1m[vite][22m[39m [32mhmr update [39m[2m/@fs/E:/Moyan/moyan/moyan-mfw-workspace/workspace04/moyan-mfw/packages/extensions/extension-ledger/src/frontend/src/views/ledger/TransferTab.vue[22m
[2m17:30:55[22m [36m[1m[vite][22m[39m [32mhmr update [39m[2m/@fs/E:/Moyan/moyan/moyan-mfw-workspace/workspace04/moyan-mfw/packages/extensions/extension-ledger/src/frontend/src/views/ledger/TransferTab.vue[22m
[2m17:31:05[22m [36m[1m[vite][22m[39m [32mpage reload [39m[2mE:/Moyan/moyan/moyan-mfw-workspace/workspace04/moyan-mfw/packages/extensions/extension-ledger/src/frontend/src/index.ts[22m
[2m17:32:53[22m [36m[1m[vite][22m[39m [32mpage reload [39m[2msrc/main.ts[22m
[2m17:34:42[22m [36m[1m[vite][22m[39m changed tsconfig file detected: E:\Moyan\moyan\moyan-mfw-workspace\workspace04\moyan-mfw\demo\frontend\tsconfig.json - Clearing cache and forcing full-reload to ensure TypeScript is compiled with updated config values.
[2m17:53:17[22m [31m[1m[vite][22m[39m [31mhttp proxy error: /api/ext/ledger/transfers?page=1&pageSize=20[39m
AggregateError [ECONNREFUSED]: 
    at internalConnectMultiple (node:net:1193:18)
    at afterConnectMultiple (node:net:1783:7)
[2m17:53:19[22m [31m[1m[vite][22m[39m [31mhttp proxy error: /api/ext/ledger/reconcile/reports?page=1&pageSize=20[39m
AggregateError [ECONNREFUSED]: 
    at internalConnectMultiple (node:net:1193:18)
    at afterConnectMultiple (node:net:1783:7)
[2m17:53:20[22m [31m[1m[vite][22m[39m [31mhttp proxy error: /api/ext/ledger/transfers?page=1&pageSize=20[39m
AggregateError [ECONNREFUSED]: 
    at internalConnectMultiple (node:net:1193:18)
    at afterConnectMultiple (node:net:1783:7)
[2m17:53:21[22m [31m[1m[vite][22m[39m [31mhttp proxy error: /api/ext/ledger/accounts?page=1&pageSize=20[39m
AggregateError [ECONNREFUSED]: 
    at internalConnectMultiple (node:net:1193:18)
    at afterConnectMultiple (node:net:1783:7)
[2m17:53:24[22m [31m[1m[vite][22m[39m [31mhttp proxy error: /api/ext/ledger/transfers?page=1&pageSize=20[39m
AggregateError [ECONNREFUSED]: 
    at internalConnectMultiple (node:net:1193:18)
    at afterConnectMultiple (node:net:1783:7)
[2m17:53:25[22m [31m[1m[vite][22m[39m [31mhttp proxy error: /api/ext/ledger/reconcile/reports?page=1&pageSize=20[39m
AggregateError [ECONNREFUSED]: 
    at internalConnectMultiple (node:net:1193:18)
    at afterConnectMultiple (node:net:1783:7)
[2m17:53:50[22m [36m[1m[vite][22m[39m [32mpage reload [39m[2mE:/Moyan/moyan/moyan-mfw-workspace/workspace04/moyan-mfw/packages/extensions/extension-ledger/src/frontend/src/views/ledger/shared.ts[22m
[2m17:53:53[22m [31m[1m[vite][22m[39m [31mhttp proxy error: /api/ext/ledger/biz-types[39m
Error: read ECONNRESET
    at TCP.onStreamRead (node:internal/stream_base_commons:216:20)
[2m17:53:53[22m [31m[1m[vite][22m[39m [31mhttp proxy error: /api/route-sync/check[39m
Error: read ECONNRESET
    at TCP.onStreamRead (node:internal/stream_base_commons:216:20)
[2m17:53:53[22m [31m[1m[vite][22m[39m [31mhttp proxy error: /api/ext/ledger/accounts?page=1&pageSize=20[39m
Error: read ECONNRESET
    at TCP.onStreamRead (node:internal/stream_base_commons:216:20)
[2m17:54:30[22m [36m[1m[vite][22m[39m [32mhmr update [39m[2m/@fs/E:/Moyan/moyan/moyan-mfw-workspace/workspace04/moyan-mfw/packages/extensions/extension-ledger/src/frontend/src/views/ledger/TransferTab.vue[22m
[2m17:54:39[22m [36m[1m[vite][22m[39m [32mhmr update [39m[2m/@fs/E:/Moyan/moyan/moyan-mfw-workspace/workspace04/moyan-mfw/packages/extensions/extension-ledger/src/frontend/src/views/ledger/TransferTab.vue[22m
[2m17:55:13[22m [36m[1m[vite][22m[39m [32mhmr update [39m[2m/@fs/E:/Moyan/moyan/moyan-mfw-workspace/workspace04/moyan-mfw/packages/extensions/extension-ledger/src/frontend/src/views/ledger/TransferTab.vue[22m
[2m17:55:21[22m [36m[1m[vite][22m[39m [32mhmr update [39m[2m/@fs/E:/Moyan/moyan/moyan-mfw-workspace/workspace04/moyan-mfw/packages/extensions/extension-ledger/src/frontend/src/views/ledger/TransferTab.vue[22m
[2m17:56:11[22m [36m[1m[vite][22m[39m [32mhmr update [39m[2m/@fs/E:/Moyan/moyan/moyan-mfw-workspace/workspace04/moyan-mfw/packages/extensions/extension-ledger/src/frontend/src/views/ledger/TransferTab.vue[22m
[2m17:58:11[22m [36m[1m[vite][22m[39m [32mpage reload [39m[2msrc/ledger-option-loaders.ts[22m
[2m18:14:51[22m [36m[1m[vite][22m[39m [32mpage reload [39m[2mE:/Moyan/moyan/moyan-mfw-workspace/workspace04/moyan-mfw/packages/extensions/extension-ledger/src/frontend/src/views/ledger/shared.ts[22m
